--------------------------------------------------------------------------------
Release 14.7 Trace  (nt64)
Copyright (c) 1995-2013 Xilinx, Inc.  All rights reserved.

C:\Xilinx\14.7\ISE_DS\ISE\bin\nt64\unwrapped\trce.exe -intstyle ise -v 3 -s 3
-n 3 -fastpaths -xml TOP.twx TOP.ncd -o TOP.twr TOP.pcf

Design file:              TOP.ncd
Physical constraint file: TOP.pcf
Device,package,speed:     xc6slx9,tqg144,C,-3 (PRODUCTION 1.23 2013-10-13)
Report level:             verbose report

Environment Variable      Effect 
--------------------      ------ 
NONE                      No environment variables were set
--------------------------------------------------------------------------------

INFO:Timing:2698 - No timing constraints found, doing default enumeration.
INFO:Timing:3412 - To improve timing, see the Timing Closure User Guide (UG612).
INFO:Timing:2752 - To get complete path coverage, use the unconstrained paths 
   option. All paths that are not constrained will be reported in the 
   unconstrained paths section(s) of the report.
INFO:Timing:3339 - The clock-to-out numbers in this timing report are based on 
   a 50 Ohm transmission line loading model.  For the details of this model, 
   and for more information on accounting for different loading conditions, 
   please see the device datasheet.



Data Sheet report:
-----------------
All values displayed in nanoseconds (ns)

Setup/Hold to clock BCLK
------------+------------+------------+------------+------------+------------------+--------+
            |Max Setup to|  Process   |Max Hold to |  Process   |                  | Clock  |
Source      | clk (edge) |   Corner   | clk (edge) |   Corner   |Internal Clock(s) | Phase  |
------------+------------+------------+------------+------------+------------------+--------+
LRCK        |    3.378(R)|      SLOW  |   -0.180(R)|      SLOW  |BCLK_BUFGP        |   0.000|
            |    4.082(F)|      SLOW  |   -1.158(F)|      FAST  |BCLK_BUFGP        |   0.000|
RESET       |    7.030(R)|      SLOW  |   -1.799(R)|      FAST  |BCLK_BUFGP        |   0.000|
            |    5.344(F)|      SLOW  |   -1.750(F)|      FAST  |BCLK_BUFGP        |   0.000|
SDTI        |    3.438(R)|      SLOW  |   -0.588(R)|      FAST  |BCLK_BUFGP        |   0.000|
------------+------------+------------+------------+------------+------------------+--------+

Setup/Hold to clock CLK
------------+------------+------------+------------+------------+------------------+--------+
            |Max Setup to|  Process   |Max Hold to |  Process   |                  | Clock  |
Source      | clk (edge) |   Corner   | clk (edge) |   Corner   |Internal Clock(s) | Phase  |
------------+------------+------------+------------+------------+------------------+--------+
CCLK        |    3.787(R)|      SLOW  |   -0.833(R)|      SLOW  |CLK_BUFGP         |   0.000|
LAST_EFFECT |    2.823(R)|      SLOW  |   -0.603(R)|      SLOW  |CLK_BUFGP         |   0.000|
NEXT_EFFECT |    2.624(R)|      SLOW  |   -0.614(R)|      SLOW  |CLK_BUFGP         |   0.000|
PEDAL       |    7.089(R)|      SLOW  |   -0.351(R)|      SLOW  |CLK_BUFGP         |   0.000|
RESET       |   10.175(R)|      SLOW  |   -1.266(R)|      FAST  |CLK_BUFGP         |   0.000|
SPI_MOSI    |    1.798(R)|      SLOW  |   -0.830(R)|      SLOW  |CLK_BUFGP         |   0.000|
SPI_SCK     |    1.902(R)|      SLOW  |   -0.907(R)|      SLOW  |CLK_BUFGP         |   0.000|
SPI_SS      |    3.630(R)|      SLOW  |   -0.889(R)|      SLOW  |CLK_BUFGP         |   0.000|
------------+------------+------------+------------+------------+------------------+--------+

Clock BCLK to Pad
------------+-----------------+------------+-----------------+------------+------------------+--------+
            |Max (slowest) clk|  Process   |Min (fastest) clk|  Process   |                  | Clock  |
Destination |  (edge) to PAD  |   Corner   |  (edge) to PAD  |   Corner   |Internal Clock(s) | Phase  |
------------+-----------------+------------+-----------------+------------+------------------+--------+
SDTO        |         7.867(F)|      SLOW  |         4.100(F)|      FAST  |BCLK_BUFGP        |   0.000|
------------+-----------------+------------+-----------------+------------+------------------+--------+

Clock CLK to Pad
--------------+-----------------+------------+-----------------+------------+------------------+--------+
              |Max (slowest) clk|  Process   |Min (fastest) clk|  Process   |                  | Clock  |
Destination   |  (edge) to PAD  |   Corner   |  (edge) to PAD  |   Corner   |Internal Clock(s) | Phase  |
--------------+-----------------+------------+-----------------+------------+------------------+--------+
AVR_RX        |         9.241(R)|      SLOW  |         4.966(R)|      FAST  |CLK_BUFGP         |   0.000|
GLCD_CS<1>    |         7.489(R)|      SLOW  |         3.959(R)|      FAST  |CLK_BUFGP         |   0.000|
GLCD_CS<2>    |         7.556(R)|      SLOW  |         4.044(R)|      FAST  |CLK_BUFGP         |   0.000|
GLCD_DATA<0>  |         7.954(R)|      SLOW  |         4.329(R)|      FAST  |CLK_BUFGP         |   0.000|
GLCD_DATA<1>  |         8.056(R)|      SLOW  |         4.444(R)|      FAST  |CLK_BUFGP         |   0.000|
GLCD_DATA<2>  |         7.799(R)|      SLOW  |         4.282(R)|      FAST  |CLK_BUFGP         |   0.000|
GLCD_DATA<3>  |         7.788(R)|      SLOW  |         4.202(R)|      FAST  |CLK_BUFGP         |   0.000|
GLCD_DATA<4>  |         8.345(R)|      SLOW  |         4.585(R)|      FAST  |CLK_BUFGP         |   0.000|
GLCD_DATA<5>  |         8.672(R)|      SLOW  |         4.812(R)|      FAST  |CLK_BUFGP         |   0.000|
GLCD_DATA<6>  |         8.863(R)|      SLOW  |         4.933(R)|      FAST  |CLK_BUFGP         |   0.000|
GLCD_DATA<7>  |         7.659(R)|      SLOW  |         4.114(R)|      FAST  |CLK_BUFGP         |   0.000|
GLCD_E        |         7.697(R)|      SLOW  |         4.173(R)|      FAST  |CLK_BUFGP         |   0.000|
GLCD_RS       |         7.347(R)|      SLOW  |         3.923(R)|      FAST  |CLK_BUFGP         |   0.000|
GLCD_RST      |         7.654(R)|      SLOW  |         4.063(R)|      FAST  |CLK_BUFGP         |   0.000|
LED1          |         8.110(R)|      SLOW  |         4.374(R)|      FAST  |CLK_BUFGP         |   0.000|
SPI_CHANNEL<0>|         9.658(R)|      SLOW  |         4.723(R)|      FAST  |CLK_BUFGP         |   0.000|
SPI_CHANNEL<1>|         9.918(R)|      SLOW  |         5.418(R)|      FAST  |CLK_BUFGP         |   0.000|
SPI_CHANNEL<2>|         9.918(R)|      SLOW  |         5.006(R)|      FAST  |CLK_BUFGP         |   0.000|
SPI_CHANNEL<3>|         9.657(R)|      SLOW  |         5.254(R)|      FAST  |CLK_BUFGP         |   0.000|
SPI_MISO      |        11.276(R)|      SLOW  |         4.463(R)|      FAST  |CLK_BUFGP         |   0.000|
--------------+-----------------+------------+-----------------+------------+------------------+--------+

Clock to Setup on destination clock BCLK
---------------+---------+---------+---------+---------+
               | Src:Rise| Src:Fall| Src:Rise| Src:Fall|
Source Clock   |Dest:Rise|Dest:Rise|Dest:Fall|Dest:Fall|
---------------+---------+---------+---------+---------+
BCLK           |    4.270|         |    3.880|    6.388|
CLK            |         |         |    5.651|         |
---------------+---------+---------+---------+---------+

Clock to Setup on destination clock CLK
---------------+---------+---------+---------+---------+
               | Src:Rise| Src:Fall| Src:Rise| Src:Fall|
Source Clock   |Dest:Rise|Dest:Rise|Dest:Fall|Dest:Fall|
---------------+---------+---------+---------+---------+
BCLK           |    3.587|    2.175|         |         |
CLK            |    9.749|         |         |         |
---------------+---------+---------+---------+---------+

Pad to Pad
---------------+---------------+---------+
Source Pad     |Destination Pad|  Delay  |
---------------+---------------+---------+
NEXT_EFFECT    |LED3           |   11.553|
PEDAL          |LED2           |   12.053|
SPI_SS         |SPI_MISO       |   11.067|
---------------+---------------+---------+


Analysis completed Fri Apr 13 16:31:14 2018 
--------------------------------------------------------------------------------

Trace Settings:
-------------------------
Trace Settings 

Peak Memory Usage: 273 MB



